2026-09-30T06:47:50.8322778Z Current runner version: '2.337.0'
2026-09-30T06:47:50.8357643Z ##[group]Runner Image Provisioner
2026-09-30T06:47:50.8359364Z Hosted Compute Agent
2026-09-30T06:47:50.8360534Z Version: 20260828.587
2026-09-30T06:47:50.8361486Z Commit: abac92662cab4cc7352de4f9f9d2e2419aad9c29
2026-09-30T06:47:50.8362918Z Build Date: 2026-08-28T16:44:25Z
2026-09-30T06:47:50.8364022Z Worker ID: {f79f90d0-13ec-47d2-8f28-7bf6611b840c}
2026-09-30T06:47:50.8365201Z Azure Region: northcentralus
2026-09-30T06:47:50.8366143Z ##[endgroup]
2026-09-30T06:47:50.8368178Z ##[group]Operating System
2026-09-30T06:47:50.8369321Z Ubuntu
2026-09-30T06:47:50.8370414Z 24.04.5
2026-09-30T06:47:50.8371302Z LTS
2026-09-30T06:47:50.8372219Z ##[endgroup]
2026-09-30T06:47:50.8373057Z ##[group]Runner Image
2026-09-30T06:47:50.8374189Z Image: ubuntu-24.04
2026-09-30T06:47:50.8375059Z Version: 20260920.314.1
2026-09-30T06:47:50.8377176Z Included Software: https://github.com/actions/runner-images/blob/ubuntu24/20260920.314/images/ubuntu/Ubuntu2404-Readme.md
2026-09-30T06:47:50.8379964Z Image Release: https://github.com/actions/runner-images/releases/tag/ubuntu24%2F20260920.314
2026-09-30T06:47:50.8382137Z ##[endgroup]
2026-09-30T06:47:50.8383712Z ##[group]GITHUB_TOKEN Permissions
2026-09-30T06:47:50.8386667Z Contents: read
2026-09-30T06:47:50.8387633Z Metadata: read
2026-09-30T06:47:50.8388529Z ##[endgroup]
2026-09-30T06:47:50.8391618Z Secret source: Actions
2026-09-30T06:47:50.8393187Z Cache mode: write
2026-09-30T06:47:50.8394918Z Prepare workflow directory
2026-09-30T06:47:50.8793413Z Prepare all required actions
2026-09-30T06:47:50.8861945Z Getting action download info
2026-09-30T06:47:51.1472247Z Download action repository 'actions/checkout@3d3c42e5aac5ba805825da76410c181273ba90b1' (SHA:3d3c42e5aac5ba805825da76410c181273ba90b1)
2026-09-30T06:47:51.2290557Z Download action repository 'actions/setup-python@5fda3b95a4ea91299a34e894583c3862153e4b97' (SHA:5fda3b95a4ea91299a34e894583c3862153e4b97)
2026-09-30T06:47:51.3506861Z Download action repository 'actions/upload-artifact@043fb46d1a93c77aae656e7c1c64a875d1fc6a0a' (SHA:043fb46d1a93c77aae656e7c1c64a875d1fc6a0a)
2026-09-30T06:47:51.5365626Z Complete job name: installation-check
2026-09-30T06:47:51.6115827Z ##[group]Run actions/checkout@3d3c42e5aac5ba805825da76410c181273ba90b1
2026-09-30T06:47:51.6116849Z with:
2026-09-30T06:47:51.6117304Z   persist-credentials: false
2026-09-30T06:47:51.6117815Z   fetch-depth: 1
2026-09-30T06:47:51.6118292Z   repository: iseyan/m-anchor-gate
2026-09-30T06:47:51.6122332Z   token: ***
2026-09-30T06:47:51.6122781Z   ssh-strict: true
2026-09-30T06:47:51.6123238Z   ssh-user: git
2026-09-30T06:47:51.6123663Z   clean: true
2026-09-30T06:47:51.6124111Z   sparse-checkout-cone-mode: true
2026-09-30T06:47:51.6124658Z   fetch-tags: false
2026-09-30T06:47:51.6125105Z   show-progress: true
2026-09-30T06:47:51.6125553Z   lfs: false
2026-09-30T06:47:51.6125978Z   submodules: false
2026-09-30T06:47:51.6126423Z   set-safe-directory: true
2026-09-30T06:47:51.6126938Z   allow-unsafe-pr-checkout: false
2026-09-30T06:47:51.6127679Z ##[endgroup]
2026-09-30T06:47:51.7120820Z Syncing repository: iseyan/m-anchor-gate
2026-09-30T06:47:51.7123721Z ##[group]Getting Git version info
2026-09-30T06:47:51.7124964Z Working directory is '/home/runner/work/m-anchor-gate/m-anchor-gate'
2026-09-30T06:47:51.7126191Z [command]/usr/bin/git version
2026-09-30T06:47:51.7173089Z git version 2.55.0
2026-09-30T06:47:51.7193945Z ##[endgroup]
2026-09-30T06:47:51.7205665Z Temporarily overriding HOME='/home/runner/work/_temp/172dba48-09f5-4245-899a-56e1ec84b784' before making global git config changes
2026-09-30T06:47:51.7207983Z Adding repository directory to the temporary git global config as a safe directory
2026-09-30T06:47:51.7212992Z [command]/usr/bin/git config --global --add safe.directory /home/runner/work/m-anchor-gate/m-anchor-gate
2026-09-30T06:47:51.7261593Z Deleting the contents of '/home/runner/work/m-anchor-gate/m-anchor-gate'
2026-09-30T06:47:51.7265358Z ##[group]Determining repository object format
2026-09-30T06:47:51.7267578Z ##[endgroup]
2026-09-30T06:47:51.7268743Z ##[group]Initializing the repository
2026-09-30T06:47:51.7273852Z [command]/usr/bin/git init /home/runner/work/m-anchor-gate/m-anchor-gate
2026-09-30T06:47:51.7367786Z hint: Using 'master' as the name for the initial branch. This default branch name
2026-09-30T06:47:51.7370852Z hint: will change to "main" in Git 3.0. To configure the initial branch name
2026-09-30T06:47:51.7374174Z hint: to use in all of your new repositories, which will suppress this warning,
2026-09-30T06:47:51.7375632Z hint: call:
2026-09-30T06:47:51.7376469Z hint:
2026-09-30T06:47:51.7377414Z hint: 	git config --global init.defaultBranch <name>
2026-09-30T06:47:51.7378508Z hint:
2026-09-30T06:47:51.7379551Z hint: Names commonly chosen instead of 'master' are 'main', 'trunk' and
2026-09-30T06:47:51.7381891Z hint: 'development'. The just-created branch can be renamed via this command:
2026-09-30T06:47:51.7383159Z hint:
2026-09-30T06:47:51.7383848Z hint: 	git branch -m <name>
2026-09-30T06:47:51.7384626Z hint:
2026-09-30T06:47:51.7385612Z hint: Disable this message with "git config set advice.defaultBranchName false"
2026-09-30T06:47:51.7387330Z Initialized empty Git repository in /home/runner/work/m-anchor-gate/m-anchor-gate/.git/
2026-09-30T06:47:51.7392360Z [command]/usr/bin/git remote add origin https://github.com/iseyan/m-anchor-gate
2026-09-30T06:47:51.7440879Z ##[endgroup]
2026-09-30T06:47:51.7442079Z ##[group]Disabling automatic garbage collection
2026-09-30T06:47:51.7444507Z [command]/usr/bin/git config --local gc.auto 0
2026-09-30T06:47:51.7480431Z ##[endgroup]
2026-09-30T06:47:51.7481547Z ##[group]Setting up auth
2026-09-30T06:47:51.7482346Z Removing SSH command configuration
2026-09-30T06:47:51.7485446Z [command]/usr/bin/git config --local --name-only --get-regexp core\.sshCommand
2026-09-30T06:47:51.7521978Z [command]/usr/bin/git submodule foreach --recursive sh -c "git config --local --name-only --get-regexp 'core\.sshCommand' && git config --local --unset-all 'core.sshCommand' || :"
2026-09-30T06:47:51.7864523Z Removing HTTP extra header
2026-09-30T06:47:51.7871522Z [command]/usr/bin/git config --local --name-only --get-regexp http\.https\:\/\/github\.com\/\.extraheader
2026-09-30T06:47:51.7911966Z [command]/usr/bin/git submodule foreach --recursive sh -c "git config --local --name-only --get-regexp 'http\.https\:\/\/github\.com\/\.extraheader' && git config --local --unset-all 'http.https://github.com/.extraheader' || :"
2026-09-30T06:47:51.8179685Z Removing includeIf entries pointing to credentials config files
2026-09-30T06:47:51.8185859Z [command]/usr/bin/git config --local --name-only --get-regexp ^includeIf\.gitdir:
2026-09-30T06:47:51.8227113Z [command]/usr/bin/git submodule foreach --recursive git config --local --show-origin --name-only --get-regexp remote.origin.url
2026-09-30T06:47:51.8476612Z [command]/usr/bin/git config --file /home/runner/work/_temp/git-credentials-63692900-060f-43ff-85df-0000bfcb3a75.config http.https://github.com/.extraheader AUTHORIZATION: basic ***
2026-09-30T06:47:51.8521621Z [command]/usr/bin/git config --local includeIf.gitdir:/home/runner/work/m-anchor-gate/m-anchor-gate/.git.path /home/runner/work/_temp/git-credentials-63692900-060f-43ff-85df-0000bfcb3a75.config
2026-09-30T06:47:51.8562926Z [command]/usr/bin/git config --local includeIf.gitdir:/home/runner/work/m-anchor-gate/m-anchor-gate/.git/worktrees/*.path /home/runner/work/_temp/git-credentials-63692900-060f-43ff-85df-0000bfcb3a75.config
2026-09-30T06:47:51.8606106Z [command]/usr/bin/git config --local includeIf.gitdir:/github/workspace/.git.path /github/runner_temp/git-credentials-63692900-060f-43ff-85df-0000bfcb3a75.config
2026-09-30T06:47:51.8646748Z [command]/usr/bin/git config --local includeIf.gitdir:/github/workspace/.git/worktrees/*.path /github/runner_temp/git-credentials-63692900-060f-43ff-85df-0000bfcb3a75.config
2026-09-30T06:47:51.8682744Z ##[endgroup]
2026-09-30T06:47:51.8683863Z ##[group]Fetching the repository
2026-09-30T06:47:51.8691105Z [command]/usr/bin/git -c protocol.version=2 fetch --no-tags --prune --no-recurse-submodules --depth=1 origin +7135d8725dd5b6f12f557284e077cf136e40cfb9:refs/remotes/origin/main
2026-09-30T06:47:52.8113775Z From https://github.com/iseyan/m-anchor-gate
2026-09-30T06:47:52.8115166Z  * [new ref]         7135d8725dd5b6f12f557284e077cf136e40cfb9 -> origin/main
2026-09-30T06:47:52.8122693Z [command]/usr/bin/git branch --list --remote origin/main
2026-09-30T06:47:52.8170901Z   origin/main
2026-09-30T06:47:52.8173168Z [command]/usr/bin/git rev-parse refs/remotes/origin/main
2026-09-30T06:47:52.8200914Z 7135d8725dd5b6f12f557284e077cf136e40cfb9
2026-09-30T06:47:52.8203641Z ##[endgroup]
2026-09-30T06:47:52.8204900Z ##[group]Determining the checkout info
2026-09-30T06:47:52.8206163Z ##[endgroup]
2026-09-30T06:47:52.8206911Z [command]/usr/bin/git sparse-checkout disable
2026-09-30T06:47:52.8262420Z [command]/usr/bin/git config --local --unset-all extensions.worktreeConfig
2026-09-30T06:47:52.8296878Z ##[group]Checking out the ref
2026-09-30T06:47:52.8300337Z [command]/usr/bin/git checkout --progress --force -B main refs/remotes/origin/main
2026-09-30T06:47:52.8804147Z Switched to a new branch 'main'
2026-09-30T06:47:52.8807624Z branch 'main' set up to track 'origin/main'.
2026-09-30T06:47:52.8819058Z ##[endgroup]
2026-09-30T06:47:52.8870833Z [command]/usr/bin/git log -1 --format=%H
2026-09-30T06:47:52.8903181Z 7135d8725dd5b6f12f557284e077cf136e40cfb9
2026-09-30T06:47:52.8912082Z ##[group]Removing auth
2026-09-30T06:47:52.8912900Z Removing SSH command configuration
2026-09-30T06:47:52.8915479Z [command]/usr/bin/git config --local --name-only --get-regexp core\.sshCommand
2026-09-30T06:47:52.8957613Z [command]/usr/bin/git submodule foreach --recursive sh -c "git config --local --name-only --get-regexp 'core\.sshCommand' && git config --local --unset-all 'core.sshCommand' || :"
2026-09-30T06:47:52.9199600Z Removing HTTP extra header
2026-09-30T06:47:52.9202904Z [command]/usr/bin/git config --local --name-only --get-regexp http\.https\:\/\/github\.com\/\.extraheader
2026-09-30T06:47:52.9242136Z [command]/usr/bin/git submodule foreach --recursive sh -c "git config --local --name-only --get-regexp 'http\.https\:\/\/github\.com\/\.extraheader' && git config --local --unset-all 'http.https://github.com/.extraheader' || :"
2026-09-30T06:47:52.9485980Z Removing includeIf entries pointing to credentials config files
2026-09-30T06:47:52.9488348Z [command]/usr/bin/git config --local --name-only --get-regexp ^includeIf\.gitdir:
2026-09-30T06:47:52.9527884Z includeif.gitdir:/home/runner/work/m-anchor-gate/m-anchor-gate/.git.path
2026-09-30T06:47:52.9530278Z includeif.gitdir:/home/runner/work/m-anchor-gate/m-anchor-gate/.git/worktrees/*.path
2026-09-30T06:47:52.9531991Z includeif.gitdir:/github/workspace/.git.path
2026-09-30T06:47:52.9533175Z includeif.gitdir:/github/workspace/.git/worktrees/*.path
2026-09-30T06:47:52.9537732Z [command]/usr/bin/git config --local --get-all includeif.gitdir:/home/runner/work/m-anchor-gate/m-anchor-gate/.git.path
2026-09-30T06:47:52.9571933Z /home/runner/work/_temp/git-credentials-63692900-060f-43ff-85df-0000bfcb3a75.config
2026-09-30T06:47:52.9582705Z [command]/usr/bin/git config --local --unset includeif.gitdir:/home/runner/work/m-anchor-gate/m-anchor-gate/.git.path \/home\/runner\/work\/_temp\/git\-credentials\-63692900\-060f\-43ff\-85df\-0000bfcb3a75\.config
2026-09-30T06:47:52.9624270Z [command]/usr/bin/git config --local --get-all includeif.gitdir:/home/runner/work/m-anchor-gate/m-anchor-gate/.git/worktrees/*.path
2026-09-30T06:47:52.9653396Z /home/runner/work/_temp/git-credentials-63692900-060f-43ff-85df-0000bfcb3a75.config
2026-09-30T06:47:52.9662863Z [command]/usr/bin/git config --local --unset includeif.gitdir:/home/runner/work/m-anchor-gate/m-anchor-gate/.git/worktrees/*.path \/home\/runner\/work\/_temp\/git\-credentials\-63692900\-060f\-43ff\-85df\-0000bfcb3a75\.config
2026-09-30T06:47:52.9704654Z [command]/usr/bin/git config --local --get-all includeif.gitdir:/github/workspace/.git.path
2026-09-30T06:47:52.9751983Z /github/runner_temp/git-credentials-63692900-060f-43ff-85df-0000bfcb3a75.config
2026-09-30T06:47:52.9777957Z [command]/usr/bin/git config --local --unset includeif.gitdir:/github/workspace/.git.path \/github\/runner_temp\/git\-credentials\-63692900\-060f\-43ff\-85df\-0000bfcb3a75\.config
2026-09-30T06:47:52.9838614Z [command]/usr/bin/git config --local --get-all includeif.gitdir:/github/workspace/.git/worktrees/*.path
2026-09-30T06:47:52.9868686Z /github/runner_temp/git-credentials-63692900-060f-43ff-85df-0000bfcb3a75.config
2026-09-30T06:47:52.9876631Z [command]/usr/bin/git config --local --unset includeif.gitdir:/github/workspace/.git/worktrees/*.path \/github\/runner_temp\/git\-credentials\-63692900\-060f\-43ff\-85df\-0000bfcb3a75\.config
2026-09-30T06:47:52.9916377Z [command]/usr/bin/git submodule foreach --recursive git config --local --show-origin --name-only --get-regexp remote.origin.url
2026-09-30T06:47:53.0156769Z Removing credentials config '/home/runner/work/_temp/git-credentials-63692900-060f-43ff-85df-0000bfcb3a75.config'
2026-09-30T06:47:53.0164836Z ##[endgroup]
2026-09-30T06:47:53.0550630Z ##[group]Run actions/setup-python@5fda3b95a4ea91299a34e894583c3862153e4b97
2026-09-30T06:47:53.0551883Z with:
2026-09-30T06:47:53.0552364Z   python-version: 3.12
2026-09-30T06:47:53.0552962Z   check-latest: false
2026-09-30T06:47:53.0561118Z   token: ***
2026-09-30T06:47:53.0561657Z   update-environment: true
2026-09-30T06:47:53.0562333Z   allow-prereleases: false
2026-09-30T06:47:53.0562968Z   freethreaded: false
2026-09-30T06:47:53.0563519Z ##[endgroup]
2026-09-30T06:47:53.1754086Z ##[group]Installed versions
2026-09-30T06:47:53.1826187Z Successfully set up CPython (3.12.14)
2026-09-30T06:47:53.1827467Z ##[endgroup]
2026-09-30T06:47:53.2023484Z ##[group]Run python tools/prepare_schema_gate_003.py --output "$PREPARATION_OUTPUT"
2026-09-30T06:47:53.2025366Z [36;1mpython tools/prepare_schema_gate_003.py --output "$PREPARATION_OUTPUT"[0m
2026-09-30T06:47:53.2300359Z shell: /usr/bin/bash -e {0}
2026-09-30T06:47:53.2301074Z env:
2026-09-30T06:47:53.2301798Z   pythonLocation: /opt/hostedtoolcache/Python/3.12.14/x64
2026-09-30T06:47:53.2303105Z   PKG_CONFIG_PATH: /opt/hostedtoolcache/Python/3.12.14/x64/lib/pkgconfig
2026-09-30T06:47:53.2304379Z   Python_ROOT_DIR: /opt/hostedtoolcache/Python/3.12.14/x64
2026-09-30T06:47:53.2305500Z   Python2_ROOT_DIR: /opt/hostedtoolcache/Python/3.12.14/x64
2026-09-30T06:47:53.2306642Z   Python3_ROOT_DIR: /opt/hostedtoolcache/Python/3.12.14/x64
2026-09-30T06:47:53.2307789Z   LD_LIBRARY_PATH: /opt/hostedtoolcache/Python/3.12.14/x64/lib
2026-09-30T06:47:53.2309277Z   PREPARATION_OUTPUT: /home/runner/work/_temp/schema-gate-003-preparation-36680116525-1
2026-09-30T06:47:53.2310810Z ##[endgroup]
2026-09-30T06:47:57.5679370Z {"status": "installation_and_import_confirmed", "exit_code": 0, "schema_gate_003_started": false, "output": "/home/runner/work/_temp/schema-gate-003-preparation-36680116525-1"}
2026-09-30T06:47:57.5831043Z ##[group]Run actions/upload-artifact@043fb46d1a93c77aae656e7c1c64a875d1fc6a0a
2026-09-30T06:47:57.5831545Z with:
2026-09-30T06:47:57.5831851Z   name: schema-gate-003-preparation-36680116525-1
2026-09-30T06:47:57.5832326Z   path: /home/runner/work/_temp/schema-gate-003-preparation-36680116525-1/
2026-09-30T06:47:57.5832765Z   retention-days: 14
2026-09-30T06:47:57.5833055Z   if-no-files-found: error
2026-09-30T06:47:57.5833340Z   overwrite: false
2026-09-30T06:47:57.5833604Z   compression-level: 6
2026-09-30T06:47:57.5833890Z   include-hidden-files: false
2026-09-30T06:47:57.5834183Z   archive: true
2026-09-30T06:47:57.5834441Z env:
2026-09-30T06:47:57.5834749Z   pythonLocation: /opt/hostedtoolcache/Python/3.12.14/x64
2026-09-30T06:47:57.5835242Z   PKG_CONFIG_PATH: /opt/hostedtoolcache/Python/3.12.14/x64/lib/pkgconfig
2026-09-30T06:47:57.5835728Z   Python_ROOT_DIR: /opt/hostedtoolcache/Python/3.12.14/x64
2026-09-30T06:47:57.5836222Z   Python2_ROOT_DIR: /opt/hostedtoolcache/Python/3.12.14/x64
2026-09-30T06:47:57.5836662Z   Python3_ROOT_DIR: /opt/hostedtoolcache/Python/3.12.14/x64
2026-09-30T06:47:57.5837371Z   LD_LIBRARY_PATH: /opt/hostedtoolcache/Python/3.12.14/x64/lib
2026-09-30T06:47:57.5837750Z ##[endgroup]
2026-09-30T06:47:57.7314189Z With the provided path, there will be 13 files uploaded
2026-09-30T06:47:57.7318489Z Artifact name is valid!
2026-09-30T06:47:57.7319432Z Root directory input is valid!
2026-09-30T06:47:58.0151978Z Uploading artifact: schema-gate-003-preparation-36680116525-1.zip
2026-09-30T06:47:58.0207641Z Beginning upload of artifact content to blob storage
2026-09-30T06:47:58.2113894Z Uploaded bytes 15752
2026-09-30T06:47:58.2447043Z Finished uploading artifact content to blob storage!
2026-09-30T06:47:58.2448558Z SHA256 digest of uploaded artifact is 4044b07ba7d4c0cb8a8a1c2db1c110089b52b605724b1f469a3616e890764d59
2026-09-30T06:47:58.2450033Z Finalizing artifact upload
2026-09-30T06:47:58.5380134Z Artifact schema-gate-003-preparation-36680116525-1 successfully finalized. Artifact ID 11081871547
2026-09-30T06:47:58.5381634Z Artifact schema-gate-003-preparation-36680116525-1 has been successfully uploaded! Final size is 15752 bytes. Artifact ID is 11081871547
2026-09-30T06:47:58.5383616Z Artifact download URL: https://github.com/iseyan/m-anchor-gate/actions/runs/36680116525/artifacts/11081871547
2026-09-30T06:47:58.5551002Z Post job cleanup.
2026-09-30T06:47:58.6920877Z Post job cleanup.
2026-09-30T06:47:58.7911238Z [command]/usr/bin/git version
2026-09-30T06:47:58.7980708Z git version 2.55.0
2026-09-30T06:47:58.8001674Z Temporarily overriding HOME='/home/runner/work/_temp/ed6df27b-1770-41cc-9eef-513eaef5a8cc' before making global git config changes
2026-09-30T06:47:58.8002770Z Adding repository directory to the temporary git global config as a safe directory
2026-09-30T06:47:58.8003588Z [command]/usr/bin/git config --global --add safe.directory /home/runner/work/m-anchor-gate/m-anchor-gate
2026-09-30T06:47:58.8051672Z Removing SSH command configuration
2026-09-30T06:47:58.8063091Z [command]/usr/bin/git config --local --name-only --get-regexp core\.sshCommand
2026-09-30T06:47:58.8102130Z [command]/usr/bin/git submodule foreach --recursive sh -c "git config --local --name-only --get-regexp 'core\.sshCommand' && git config --local --unset-all 'core.sshCommand' || :"
2026-09-30T06:47:58.8355854Z Removing HTTP extra header
2026-09-30T06:47:58.8363293Z [command]/usr/bin/git config --local --name-only --get-regexp http\.https\:\/\/github\.com\/\.extraheader
2026-09-30T06:47:58.8402781Z [command]/usr/bin/git submodule foreach --recursive sh -c "git config --local --name-only --get-regexp 'http\.https\:\/\/github\.com\/\.extraheader' && git config --local --unset-all 'http.https://github.com/.extraheader' || :"
2026-09-30T06:47:58.8661100Z Removing includeIf entries pointing to credentials config files
2026-09-30T06:47:58.8669472Z [command]/usr/bin/git config --local --name-only --get-regexp ^includeIf\.gitdir:
2026-09-30T06:47:58.8710038Z [command]/usr/bin/git submodule foreach --recursive git config --local --show-origin --name-only --get-regexp remote.origin.url
2026-09-30T06:47:58.9151627Z Cleaning up orphan processes
